[themepure.net/template/puik-prev/puik/index.html]
[backblue.gif]
[fade.gif]
[index.html]
[themepure.net/template/puik-prev/puik/site.html]
[themepure.net/template/puik-prev/puik/assets/img/favicon.ico]
[themepure.net/template/puik-prev/puik/assets/css/preloader.css]
[themepure.net/template/puik-prev/puik/assets/css/bootstrap.min.css]
[themepure.net/template/puik-prev/puik/assets/css/owl.carousel.min.css]
[themepure.net/template/puik-prev/puik/assets/css/animate.min.css]
[themepure.net/template/puik-prev/puik/assets/css/magnific-popup.css]
[themepure.net/template/puik-prev/puik/assets/css/meanmenu.css]
[themepure.net/template/puik-prev/puik/assets/css/slick.css]
[themepure.net/template/puik-prev/puik/assets/css/fontawesome-all.min.css]
[themepure.net/template/puik-prev/puik/assets/css/themify-icons.css]
[themepure.net/template/puik-prev/puik/assets/css/nice-select.css]
[themepure.net/template/puik-prev/puik/assets/css/ui-range-slider.css]
[themepure.net/template/puik-prev/puik/assets/css/main.css]
[themepure.net/template/puik-prev/puik/assets/img/logo/logo-white.png]
[themepure.net/template/puik-prev/puik/index-2.html]
[themepure.net/template/puik-prev/puik/index-3.html]
[themepure.net/template/puik-prev/puik/index-4.html]
[themepure.net/template/puik-prev/puik/index-5.html]
[themepure.net/template/puik-prev/puik/index-6.html]
[themepure.net/template/puik-prev/puik/shop.html]
[themepure.net/template/puik-prev/puik/shop-right-sidebar.html]
[themepure.net/template/puik-prev/puik/shop-filter-dropdown.html]
[themepure.net/template/puik-prev/puik/shop-filter-canvas.html]
[themepure.net/template/puik-prev/puik/shop-list-v1.html]
[themepure.net/template/puik-prev/puik/shop-list-v2.html]
[themepure.net/template/puik-prev/puik/shop-masonary.html]
[themepure.net/template/puik-prev/puik/shop-tab.html]
[themepure.net/template/puik-prev/puik/assets/img/banner/menu/banner-women.jpg]
[themepure.net/template/puik-prev/puik/assets/img/banner/menu/banner-men.jpg]
[themepure.net/template/puik-prev/puik/about-us.html]
[themepure.net/template/puik-prev/puik/product-details.html]
[themepure.net/template/puik-prev/puik/product-details-v2.html]
[themepure.net/template/puik-prev/puik/product-details-grid.html]
[themepure.net/template/puik-prev/puik/about-me.html]
[themepure.net/template/puik-prev/puik/login.html]
[themepure.net/template/puik-prev/puik/register.html]
[themepure.net/template/puik-prev/puik/cart.html]
[themepure.net/template/puik-prev/puik/checkout.html]
[themepure.net/template/puik-prev/puik/wishlist.html]
[themepure.net/template/puik-prev/puik/team.html]
[themepure.net/template/puik-prev/puik/faq.html]
[themepure.net/template/puik-prev/puik/coming-soon.html]
[themepure.net/template/puik-prev/puik/error.html]
[themepure.net/template/puik-prev/puik/card.html]
[themepure.net/template/puik-prev/puik/blog.html]
[themepure.net/template/puik-prev/puik/blog-2-col.html]
[themepure.net/template/puik-prev/puik/blog-grid.html]
[themepure.net/template/puik-prev/puik/blog-left-sidebar.html]
[themepure.net/template/puik-prev/puik/blog-details.html]
[themepure.net/template/puik-prev/puik/blog-details-left-sidebar.html]
[themepure.net/template/puik-prev/puik/contact.html]
[themepure.net/template/puik-prev/puik/assets/img/products/product-1.jpg]
[themepure.net/template/puik-prev/puik/assets/img/products/product-2.jpg]
[themepure.net/template/puik-prev/puik/assets/img/products/product-3.jpg]
[themepure.net/template/puik-prev/puik/assets/img/logo/logo-black.png]
[themepure.net/template/puik-prev/puik/assets/img/slider/slider-1.jpg]
[themepure.net/template/puik-prev/puik/assets/img/slider/slider-2.jpg]
[themepure.net/template/puik-prev/puik/assets/img/slider/slider-3.jpg]
[themepure.net/template/puik-prev/puik/assets/img/category/category-1.jpg]
[themepure.net/template/puik-prev/puik/assets/img/category/category-2.jpg]
[themepure.net/template/puik-prev/puik/assets/img/category/category-3.jpg]
[themepure.net/template/puik-prev/puik/assets/img/category/category-4.jpg]
[themepure.net/template/puik-prev/puik/assets/img/products/fashion/1.jpg]
[themepure.net/template/puik-prev/puik/assets/img/products/fashion/1-1.jpg]
[themepure.net/template/puik-prev/puik/assets/img/products/fashion/2.jpg]
[themepure.net/template/puik-prev/puik/assets/img/products/fashion/2-1.jpg]
[themepure.net/template/puik-prev/puik/assets/img/products/fashion/3.jpg]
[themepure.net/template/puik-prev/puik/assets/img/products/fashion/3-1.jpg]
[themepure.net/template/puik-prev/puik/assets/img/products/fashion/4.jpg]
[themepure.net/template/puik-prev/puik/assets/img/products/fashion/4-1.jpg]
[themepure.net/template/puik-prev/puik/assets/img/products/fashion/5.jpg]
[themepure.net/template/puik-prev/puik/assets/img/products/fashion/5-1.jpg]
[themepure.net/template/puik-prev/puik/assets/img/products/fashion/6.jpg]
[themepure.net/template/puik-prev/puik/assets/img/products/fashion/6-1.jpg]
[themepure.net/template/puik-prev/puik/assets/img/products/fashion/7.jpg]
[themepure.net/template/puik-prev/puik/assets/img/products/fashion/7-1.jpg]
[themepure.net/template/puik-prev/puik/assets/img/products/fashion/8.jpg]
[themepure.net/template/puik-prev/puik/assets/img/products/fashion/8-1.jpg]
[themepure.net/template/puik-prev/puik/assets/img/banner/banner-1.jpg]
[themepure.net/template/puik-prev/puik/assets/img/banner/banner-2.jpg]
[themepure.net/template/puik-prev/puik/assets/img/blog/blog-1.jpg]
[themepure.net/template/puik-prev/puik/assets/img/blog/blog-2.jpg]
[themepure.net/template/puik-prev/puik/assets/img/blog/blog-3.jpg]
[themepure.net/template/puik-prev/puik/assets/img/blog/blog-4.jpg]
[themepure.net/template/puik-prev/puik/assets/img/instagram/gallery-1.jpg]
[themepure.net/template/puik-prev/puik/assets/img/instagram/gallery-2.jpg]
[themepure.net/template/puik-prev/puik/assets/img/instagram/gallery-3.jpg]
[themepure.net/template/puik-prev/puik/assets/img/instagram/gallery-4.jpg]
[themepure.net/template/puik-prev/puik/assets/img/instagram/gallery-5.jpg]
[themepure.net/template/puik-prev/puik/assets/img/instagram/gallery-6.jpg]
[themepure.net/template/puik-prev/puik/assets/img/products/modal/product-modal-1.jpg]
[themepure.net/template/puik-prev/puik/assets/img/products/modal/product-modal-2.jpg]
[themepure.net/template/puik-prev/puik/assets/img/products/modal/product-modal-3.jpg]
[themepure.net/template/puik-prev/puik/assets/img/products/modal/product-modal-4.jpg]
[themepure.net/template/puik-prev/puik/assets/img/products/modal/product-modal-sm-1.jpg]
[themepure.net/template/puik-prev/puik/assets/img/products/modal/product-modal-sm-2.jpg]
[themepure.net/template/puik-prev/puik/assets/img/products/modal/product-modal-sm-3.jpg]
[themepure.net/template/puik-prev/puik/assets/img/products/modal/product-modal-sm-4.jpg]
[themepure.net/template/puik-prev/puik/assets/img/popup/subscribe-bg.jpg]
[themepure.net/template/puik-prev/puik/assets/img/icon/payments.png]
[themepure.net/template/puik-prev/puik/assets/js/jquery.min.js]
[themepure.net/template/puik-prev/puik/assets/js/waypoints.min.js]
[themepure.net/template/puik-prev/puik/assets/js/bootstrap.bundle.min.js]
[themepure.net/template/puik-prev/puik/assets/js/owl.carousel.min.js]
[themepure.net/template/puik-prev/puik/assets/js/slick.min.js]
[themepure.net/template/puik-prev/puik/assets/js/tweenmax.js]
[themepure.net/template/puik-prev/puik/assets/js/jquery.meanmenu.min.js]
[themepure.net/template/puik-prev/puik/assets/js/jquery-ui-slider-range.js]
[themepure.net/template/puik-prev/puik/assets/js/isotope.pkgd.min.js]
[themepure.net/template/puik-prev/puik/assets/js/wow.min.js]
[themepure.net/template/puik-prev/puik/assets/js/jquery.scrollUp.min.js]
[themepure.net/template/puik-prev/puik/assets/js/countdown.min.js]
[themepure.net/template/puik-prev/puik/assets/js/jquery.magnific-popup.min.js]
[themepure.net/template/puik-prev/puik/assets/js/parallex.js]
[themepure.net/template/puik-prev/puik/assets/js/imagesloaded.pkgd.min.js]
[themepure.net/template/puik-prev/puik/assets/js/jquery.nice-select.min.js]
[themepure.net/template/puik-prev/puik/assets/js/main.js]
[themepure.net/template/puik-prev/puik/index.html]
[themepure.net/template/puik-prev/puik/site.html]
[themepure.net/template/puik-prev/puik/assets/css/preloader.css]
[themepure.net/template/puik-prev/puik/assets/css/bootstrap.min.css]
[themepure.net/template/puik-prev/puik/assets/css/owl.carousel.min.css]
[themepure.net/template/puik-prev/puik/assets/css/animate.min.css]
[themepure.net/template/puik-prev/puik/assets/css/magnific-popup.css]
[themepure.net/template/puik-prev/puik/assets/css/meanmenu.css]
[themepure.net/template/puik-prev/puik/assets/css/slick.css]
[themepure.net/template/puik-prev/puik/assets/css/owl.video.play.html]
[themepure.net/template/puik-prev/puik/assets/fonts/fa-brands-400d41d.eot]
[themepure.net/template/puik-prev/puik/assets/fonts/fa-brands-400.eot]
[themepure.net/template/puik-prev/puik/assets/fonts/fa-brands-400.woff2]
[themepure.net/template/puik-prev/puik/assets/fonts/fa-brands-400.woff]
[themepure.net/template/puik-prev/puik/assets/fonts/fa-brands-400.ttf]
[themepure.net/template/puik-prev/puik/assets/fonts/fa-brands-400.svg]
[themepure.net/template/puik-prev/puik/assets/fonts/fa-duotone-900.eot]
[themepure.net/template/puik-prev/puik/assets/fonts/fa-duotone-900d41d.eot]
[themepure.net/template/puik-prev/puik/assets/fonts/fa-duotone-900.woff2]
[themepure.net/template/puik-prev/puik/assets/fonts/fa-duotone-900.woff]
[themepure.net/template/puik-prev/puik/assets/fonts/fa-duotone-900.ttf]
[themepure.net/template/puik-prev/puik/assets/fonts/fa-duotone-900.svg]
[themepure.net/template/puik-prev/puik/assets/fonts/fa-light-300.eot]
[themepure.net/template/puik-prev/puik/assets/fonts/fa-light-300d41d.eot]
[themepure.net/template/puik-prev/puik/assets/fonts/fa-light-300.woff2]
[themepure.net/template/puik-prev/puik/assets/fonts/fa-light-300.woff]
[themepure.net/template/puik-prev/puik/assets/fonts/fa-light-300.ttf]
[themepure.net/template/puik-prev/puik/assets/fonts/fa-light-300.svg]
[themepure.net/template/puik-prev/puik/assets/fonts/fa-regular-400.eot]
[themepure.net/template/puik-prev/puik/assets/fonts/fa-regular-400d41d.eot]
[themepure.net/template/puik-prev/puik/assets/fonts/fa-regular-400.woff2]
[themepure.net/template/puik-prev/puik/assets/fonts/fa-regular-400.woff]
[themepure.net/template/puik-prev/puik/assets/fonts/fa-regular-400.ttf]
[themepure.net/template/puik-prev/puik/assets/fonts/fa-regular-400.svg]
[themepure.net/template/puik-prev/puik/assets/fonts/fa-solid-900.eot]
[themepure.net/template/puik-prev/puik/assets/fonts/fa-solid-900d41d.eot]
[themepure.net/template/puik-prev/puik/assets/fonts/fa-solid-900.woff2]
[themepure.net/template/puik-prev/puik/assets/fonts/fa-solid-900.woff]
[themepure.net/template/puik-prev/puik/assets/fonts/fa-solid-900.ttf]
[themepure.net/template/puik-prev/puik/assets/css/fontawesome-all.min.css]
[themepure.net/template/puik-prev/puik/assets/fonts/themify9f24.eot]
[themepure.net/template/puik-prev/puik/assets/fonts/fa-solid-900.svg]
[themepure.net/template/puik-prev/puik/assets/fonts/themifyd41d.eot]
[themepure.net/template/puik-prev/puik/assets/fonts/themify9f24.woff]
[themepure.net/template/puik-prev/puik/assets/fonts/themify9f24.ttf]
[themepure.net/template/puik-prev/puik/assets/css/themify-icons.css]
[themepure.net/template/puik-prev/puik/assets/css/nice-select.css]
[themepure.net/template/puik-prev/puik/assets/fonts/themify9f24.html]
[themepure.net/template/puik-prev/puik/assets/css/images/ui-icons_444444_256x240.html]
[themepure.net/template/puik-prev/puik/assets/css/images/ui-icons_555555_256x240.html]
[themepure.net/template/puik-prev/puik/assets/css/images/ui-icons_ffffff_256x240.html]
[themepure.net/template/puik-prev/puik/assets/css/images/ui-icons_777620_256x240.html]
[themepure.net/template/puik-prev/puik/assets/css/images/ui-icons_cc0000_256x240.html]
[themepure.net/template/puik-prev/puik/assets/css/ui-range-slider.css]
[themepure.net/template/puik-prev/puik/assets/css/images/ui-icons_777777_256x240.html]
[themepure.net/template/puik-prev/puik/assets/fonts/monumentextended-regular-webfont.woff2]
[themepure.net/template/puik-prev/puik/assets/fonts/shutter-stone-standar.ttf]
[themepure.net/template/puik-prev/puik/assets/css/main.css]
[themepure.net/template/puik-prev/puik/assets/fonts/TuesdayNight-Regular.otf]
[themepure.net/template/puik-prev/puik/assets/img/slider/slider-4.jpg]
[themepure.net/template/puik-prev/puik/assets/img/slider/slider-5.jpg]
[themepure.net/template/puik-prev/puik/assets/img/slider/slider-6.jpg]
[themepure.net/template/puik-prev/puik/assets/img/category/home2/category-1.jpg]
[themepure.net/template/puik-prev/puik/assets/img/category/home2/category-2.jpg]
[themepure.net/template/puik-prev/puik/assets/img/category/home2/category-3.jpg]
[themepure.net/template/puik-prev/puik/assets/img/products/furniture/1.jpg]
[themepure.net/template/puik-prev/puik/assets/img/products/furniture/1-1.jpg]
[themepure.net/template/puik-prev/puik/assets/img/products/furniture/2.jpg]
[themepure.net/template/puik-prev/puik/assets/img/products/furniture/2-1.html]
[themepure.net/template/puik-prev/puik/assets/img/products/furniture/3.jpg]
[themepure.net/template/puik-prev/puik/assets/img/products/furniture/3-1.jpg]
[themepure.net/template/puik-prev/puik/assets/img/products/furniture/4.jpg]
[themepure.net/template/puik-prev/puik/assets/img/products/furniture/4-1.jpg]
[themepure.net/template/puik-prev/puik/assets/img/products/furniture/5.jpg]
[themepure.net/template/puik-prev/puik/assets/img/products/furniture/5-1.jpg]
[themepure.net/template/puik-prev/puik/assets/img/products/furniture/6.jpg]
[themepure.net/template/puik-prev/puik/assets/img/products/furniture/6-1.html]
[themepure.net/template/puik-prev/puik/assets/img/products/furniture/7.jpg]
[themepure.net/template/puik-prev/puik/assets/img/products/furniture/7-1.html]
[themepure.net/template/puik-prev/puik/assets/img/products/furniture/8.jpg]
[themepure.net/template/puik-prev/puik/assets/img/products/furniture/8-1.jpg]
[themepure.net/template/puik-prev/puik/assets/img/banner/banner-3.jpg]
[themepure.net/template/puik-prev/puik/assets/img/banner/banner-4.jpg]
[themepure.net/template/puik-prev/puik/assets/img/products/furniture/13.jpg]
[themepure.net/template/puik-prev/puik/assets/img/products/furniture/13-1.jpg]
[themepure.net/template/puik-prev/puik/assets/img/blog/home2/blog-4.jpg]
[themepure.net/template/puik-prev/puik/assets/img/blog/home2/blog-1.jpg]
[themepure.net/template/puik-prev/puik/assets/img/blog/home2/blog-2.jpg]
[themepure.net/template/puik-prev/puik/assets/img/blog/home2/blog-3.jpg]
[themepure.net/template/puik-prev/puik/index-2.html]
[themepure.net/template/puik-prev/puik/assets/img/slider/component/slide-1.png]
[themepure.net/template/puik-prev/puik/assets/img/slider/component/slide-2.png]
[themepure.net/template/puik-prev/puik/assets/img/slider/component/slide-3.png]
[themepure.net/template/puik-prev/puik/assets/img/category/category-5.jpg]
[themepure.net/template/puik-prev/puik/assets/img/category/category-7.jpg]
[themepure.net/template/puik-prev/puik/assets/img/category/category-6.jpg]
[themepure.net/template/puik-prev/puik/assets/img/category/category-8.jpg]
[themepure.net/template/puik-prev/puik/assets/img/products/furniture/19.jpg]
[themepure.net/template/puik-prev/puik/assets/img/products/furniture/19-2.jpg]
[themepure.net/template/puik-prev/puik/assets/img/products/furniture/22.jpg]
[themepure.net/template/puik-prev/puik/assets/img/products/furniture/22-1.jpg]
[themepure.net/template/puik-prev/puik/assets/img/products/furniture/14.jpg]
[themepure.net/template/puik-prev/puik/assets/img/products/furniture/14-1.jpg]
[themepure.net/template/puik-prev/puik/assets/img/products/furniture/23.jpg]
[themepure.net/template/puik-prev/puik/assets/img/products/furniture/23-1.jpg]
[themepure.net/template/puik-prev/puik/assets/img/products/furniture/8-2.jpg]
[themepure.net/template/puik-prev/puik/assets/img/blog/home3/blog-1.jpg]
[themepure.net/template/puik-prev/puik/assets/img/blog/home3/blog-2.jpg]
[themepure.net/template/puik-prev/puik/assets/img/blog/home3/blog-3.jpg]
[themepure.net/template/puik-prev/puik/assets/img/blog/home3/blog-4.jpg]
[themepure.net/template/puik-prev/puik/assets/img/service/service-1.png]
[themepure.net/template/puik-prev/puik/assets/img/service/service-2.png]
[themepure.net/template/puik-prev/puik/assets/img/service/service-3.png]
[themepure.net/template/puik-prev/puik/index-3.html]
[themepure.net/template/puik-prev/puik/assets/img/slider/component/slide-4.jpg]
[themepure.net/template/puik-prev/puik/assets/img/slider/component/slide-4-1.jpg]
[themepure.net/template/puik-prev/puik/assets/img/slider/component/slide-5.jpg]
[themepure.net/template/puik-prev/puik/assets/img/slider/component/slide-5-1.jpg]
[themepure.net/template/puik-prev/puik/assets/img/slider/component/slide-6.jpg]
[themepure.net/template/puik-prev/puik/assets/img/popup/fashion/subscribe-bg.html]
[themepure.net/template/puik-prev/puik/assets/img/products/furniture/24-1.jpg]
[themepure.net/template/puik-prev/puik/assets/img/products/22-1.jpg]
[themepure.net/template/puik-prev/puik/assets/img/products/23-1.jpg]
[themepure.net/template/puik-prev/puik/assets/img/products/24-1.jpg]
[themepure.net/template/puik-prev/puik/assets/img/products/25-1.jpg]
[themepure.net/template/puik-prev/puik/assets/img/products/26-1.jpg]
[themepure.net/template/puik-prev/puik/assets/img/products/27-1.jpg]
[themepure.net/template/puik-prev/puik/assets/img/products/28-1.jpg]
[themepure.net/template/puik-prev/puik/assets/img/products/29-1.jpg]
[themepure.net/template/puik-prev/puik/assets/img/products/30-1.jpg]
[themepure.net/template/puik-prev/puik/assets/img/products/33.jpg]
[themepure.net/template/puik-prev/puik/assets/img/products/34.jpg]
[themepure.net/template/puik-prev/puik/assets/img/products/38.jpg]
[themepure.net/template/puik-prev/puik/assets/img/products/39.jpg]
[themepure.net/template/puik-prev/puik/assets/img/products/14.jpg]
[themepure.net/template/puik-prev/puik/assets/img/products/14-1.jpg]
[themepure.net/template/puik-prev/puik/assets/img/products/15-1.jpg]
[themepure.net/template/puik-prev/puik/assets/img/products/15.jpg]
[themepure.net/template/puik-prev/puik/index-4.html]
[themepure.net/template/puik-prev/puik/assets/img/logo/logo-black-2.png]
[themepure.net/template/puik-prev/puik/assets/img/slider/home5/slider-1.png]
[themepure.net/template/puik-prev/puik/assets/img/slider/home5/slide-content-1.png]
[themepure.net/template/puik-prev/puik/assets/img/slider/home5/slide-content-2.png]
[themepure.net/template/puik-prev/puik/assets/img/slider/home5/slider-2.jpg]
[themepure.net/template/puik-prev/puik/assets/img/slider/home5/slider-content-3.png]
[themepure.net/template/puik-prev/puik/assets/img/slider/home5/slider-3.jpg]
[themepure.net/template/puik-prev/puik/assets/img/service/shape-1.png]
[themepure.net/template/puik-prev/puik/assets/img/service/shape-2.png]
[themepure.net/template/puik-prev/puik/assets/img/service/shape-3.png]
[themepure.net/template/puik-prev/puik/assets/img/service/shape-4.png]
[themepure.net/template/puik-prev/puik/assets/img/icon/service-1.png]
[themepure.net/template/puik-prev/puik/assets/img/icon/line-1.png]
[themepure.net/template/puik-prev/puik/assets/img/icon/service-2.png]
[themepure.net/template/puik-prev/puik/assets/img/icon/line-2.png]
[themepure.net/template/puik-prev/puik/assets/img/icon/service-3.png]
[themepure.net/template/puik-prev/puik/assets/img/products/product-4.jpg]
[themepure.net/template/puik-prev/puik/assets/img/products/product-5.jpg]
[themepure.net/template/puik-prev/puik/assets/img/products/product-6.jpg]
[themepure.net/template/puik-prev/puik/assets/img/products/product-7.jpg]
[themepure.net/template/puik-prev/puik/assets/img/products/product-8.jpg]
[themepure.net/template/puik-prev/puik/assets/img/products/product-9.jpg]
[themepure.net/template/puik-prev/puik/assets/img/products/product-10.jpg]
[themepure.net/template/puik-prev/puik/assets/img/products/product-11.jpg]
[themepure.net/template/puik-prev/puik/assets/img/deal/img-1.png]
[themepure.net/template/puik-prev/puik/assets/img/deal/shape-img-1.png]
[themepure.net/template/puik-prev/puik/assets/img/deal/shape-img-2.png]
[themepure.net/template/puik-prev/puik/assets/img/deal/shape-img-3.png]
[themepure.net/template/puik-prev/puik/assets/img/deal/shape-img-4.png]
[themepure.net/template/puik-prev/puik/assets/img/deal/shape-img-5.png]
[themepure.net/template/puik-prev/puik/assets/img/products/trending/1.jpg]
[themepure.net/template/puik-prev/puik/assets/img/products/trending/2.jpg]
[themepure.net/template/puik-prev/puik/assets/img/products/trending/3.jpg]
[themepure.net/template/puik-prev/puik/assets/img/products/trending/4.jpg]
[themepure.net/template/puik-prev/puik/assets/img/products/trending/5.jpg]
[themepure.net/template/puik-prev/puik/assets/img/products/trending/6.jpg]
[themepure.net/template/puik-prev/puik/assets/img/products/trending/7.jpg]
[themepure.net/template/puik-prev/puik/assets/img/products/trending/8.jpg]
[themepure.net/template/puik-prev/puik/assets/img/products/trending/9.jpg]
[themepure.net/template/puik-prev/puik/assets/img/products/trending/10.jpg]
[themepure.net/template/puik-prev/puik/assets/img/products/trending/13.jpg]
[themepure.net/template/puik-prev/puik/assets/img/products/furniture/17.jpg]
[themepure.net/template/puik-prev/puik/assets/img/products/trending/12.jpg]
[themepure.net/template/puik-prev/puik/assets/img/blog/shape/shape-1.png]
[themepure.net/template/puik-prev/puik/assets/img/blog/shape/shape-2.png]
[themepure.net/template/puik-prev/puik/assets/img/blog/blog5/blog-1.jpg]
[themepure.net/template/puik-prev/puik/assets/img/blog/blog5/blog-2.jpg]
[themepure.net/template/puik-prev/puik/assets/img/blog/blog5/blog-3.jpg]
[themepure.net/template/puik-prev/puik/assets/img/blog/blog5/blog-4.jpg]
[themepure.net/template/puik-prev/puik/index-5.html]
[themepure.net/template/puik-prev/puik/assets/img/popup/furniture/subscribe-bg.html]
[themepure.net/template/puik-prev/puik/assets/img/slider/6/slider-thumb-1.png]
[themepure.net/template/puik-prev/puik/assets/img/slider/6/slider-thumb-2.png]
[themepure.net/template/puik-prev/puik/assets/img/slider/6/slider-thumb-3.png]
[themepure.net/template/puik-prev/puik/assets/img/category/6/category-1.jpg]
[themepure.net/template/puik-prev/puik/assets/img/category/6/category-2.jpg]
[themepure.net/template/puik-prev/puik/assets/img/category/6/category-3.jpg]
[themepure.net/template/puik-prev/puik/assets/img/category/6/category-4.jpg]
[themepure.net/template/puik-prev/puik/assets/img/category/6/category-5.jpg]
[themepure.net/template/puik-prev/puik/assets/img/products/product-17.jpg]
[themepure.net/template/puik-prev/puik/assets/img/products/product-24.jpg]
[themepure.net/template/puik-prev/puik/assets/img/products/product-18.jpg]
[themepure.net/template/puik-prev/puik/assets/img/products/product-23.jpg]
[themepure.net/template/puik-prev/puik/assets/img/products/product-19.jpg]
[themepure.net/template/puik-prev/puik/assets/img/products/product-22.jpg]
[themepure.net/template/puik-prev/puik/assets/img/products/product-20.jpg]
[themepure.net/template/puik-prev/puik/assets/img/products/product-21.jpg]
[themepure.net/template/puik-prev/puik/assets/img/products/product-16.jpg]
[themepure.net/template/puik-prev/puik/assets/img/products/product-14.jpg]
[themepure.net/template/puik-prev/puik/assets/img/products/product-15.jpg]
[themepure.net/template/puik-prev/puik/assets/img/products/product-13.jpg]
[themepure.net/template/puik-prev/puik/assets/img/lookbook/lookbook-img-1.jpg]
[themepure.net/template/puik-prev/puik/assets/img/lookbook/lookbook-img-2.jpg]
[themepure.net/template/puik-prev/puik/assets/img/lookbook/lookbook-img-3.jpg]
[themepure.net/template/puik-prev/puik/assets/img/lookbook/lookbook-img-4.jpg]
[themepure.net/template/puik-prev/puik/assets/img/products/product-12.jpg]
[themepure.net/template/puik-prev/puik/assets/img/blog/6/blog-1.jpg]
[themepure.net/template/puik-prev/puik/assets/img/blog/6/blog-2.jpg]
[themepure.net/template/puik-prev/puik/assets/img/blog/6/blog-4.jpg]
[themepure.net/template/puik-prev/puik/assets/img/banner/banner-5.jpg]
[themepure.net/template/puik-prev/puik/assets/img/banner/banner-6.jpg]
[themepure.net/template/puik-prev/puik/index-6.html]
[themepure.net/template/puik-prev/puik/assets/img/banner/breadcrumb.jpg]
[themepure.net/template/puik-prev/puik/assets/img/products/furniture/21.jpg]
[themepure.net/template/puik-prev/puik/assets/img/products/furniture/21-1.jpg]
[themepure.net/template/puik-prev/puik/assets/img/products/fashion/20.jpg]
[themepure.net/template/puik-prev/puik/assets/img/products/fashion/20-1.jpg]
[themepure.net/template/puik-prev/puik/shop.html]
[themepure.net/template/puik-prev/puik/shop-right-sidebar.html]
[themepure.net/template/puik-prev/puik/shop-filter-dropdown.html]
[themepure.net/template/puik-prev/puik/shop-filter-canvas.html]
[themepure.net/template/puik-prev/puik/assets/img/icon/shop-list-grid.png]
[themepure.net/template/puik-prev/puik/assets/img/icon/shop-list.png]
[themepure.net/template/puik-prev/puik/shop-list-v1.html]
[themepure.net/template/puik-prev/puik/assets/img/products/12.jpg]
[themepure.net/template/puik-prev/puik/assets/img/products/12-1.jpg]
[themepure.net/template/puik-prev/puik/assets/img/products/13.jpg]
[themepure.net/template/puik-prev/puik/assets/img/products/13-1.jpg]
[themepure.net/template/puik-prev/puik/shop-list-v2.html]
[themepure.net/template/puik-prev/puik/shop-masonary.html]
[themepure.net/template/puik-prev/puik/shop-tab.html]
[themepure.net/template/puik-prev/puik/assets/img/about/about-us-bg.jpg]
[themepure.net/template/puik-prev/puik/assets/img/about/about-img-1.jpg]
[themepure.net/template/puik-prev/puik/assets/img/about/singature.png]
[themepure.net/template/puik-prev/puik/assets/img/about/about-img-3.jpg]
[themepure.net/template/puik-prev/puik/assets/img/about/about-img-4.jpg]
[themepure.net/template/puik-prev/puik/assets/img/about/about-img-2.jpg]
[themepure.net/template/puik-prev/puik/assets/img/about/about-img-5.jpg]
[themepure.net/template/puik-prev/puik/assets/img/icon/trophy.png]
[themepure.net/template/puik-prev/puik/assets/img/icon/user.png]
[themepure.net/template/puik-prev/puik/assets/img/icon/like.png]
[themepure.net/template/puik-prev/puik/assets/img/icon/pen.png]
[themepure.net/template/puik-prev/puik/assets/img/about/about-bg-1.jpg]
[themepure.net/template/puik-prev/puik/assets/img/icon/ship.png]
[themepure.net/template/puik-prev/puik/assets/img/team/team-1.jpg]
[themepure.net/template/puik-prev/puik/assets/img/team/team-2.jpg]
[themepure.net/template/puik-prev/puik/assets/img/team/team-3.jpg]
[themepure.net/template/puik-prev/puik/about-us.html]
[themepure.net/template/puik-prev/puik/assets/img/products/details/nav/product-details-nav-1.jpg]
[themepure.net/template/puik-prev/puik/assets/img/products/details/nav/product-details-nav-2.jpg]
[themepure.net/template/puik-prev/puik/assets/img/products/details/nav/product-details-nav-3.jpg]
[themepure.net/template/puik-prev/puik/assets/img/products/details/nav/product-details-nav-4.jpg]
[themepure.net/template/puik-prev/puik/assets/img/products/details/nav/product-details-big-1.jpg]
[themepure.net/template/puik-prev/puik/assets/img/products/details/nav/product-details-big-2.jpg]
[themepure.net/template/puik-prev/puik/assets/img/products/details/nav/product-details-big-3.jpg]
[themepure.net/template/puik-prev/puik/assets/img/products/details/nav/product-details-big-4.jpg]
[themepure.net/template/puik-prev/puik/assets/img/products/details/description/product-des-1.jpg]
[themepure.net/template/puik-prev/puik/assets/img/products/details/description/product-des-2.jpg]
[themepure.net/template/puik-prev/puik/assets/img/products/details/description/product-des-3.jpg]
[themepure.net/template/puik-prev/puik/assets/img/products/details/bg/product-details-bg.jpg]
[themepure.net/template/puik-prev/puik/assets/img/logo/logo-white-2.png]
[themepure.net/template/puik-prev/puik/assets/img/products/details/info/product-details-size.jpg]
[themepure.net/template/puik-prev/puik/assets/img/products/details/info/product-details-zoom.jpg]
[themepure.net/template/puik-prev/puik/assets/img/products/details/info/product-details-zoom-1.jpg]
[themepure.net/template/puik-prev/puik/assets/img/products/measurement-guide.jpg]
[themepure.net/template/puik-prev/puik/product-details.html]
[themepure.net/template/puik-prev/puik/assets/img/products/details/nav/2/product-details-nav-1.jpg]
[themepure.net/template/puik-prev/puik/assets/img/products/details/nav/2/product-details-nav-2.jpg]
[themepure.net/template/puik-prev/puik/assets/img/products/details/nav/2/product-details-nav-3.jpg]
[themepure.net/template/puik-prev/puik/assets/img/products/details/nav/2/product-details-nav-4.jpg]
[themepure.net/template/puik-prev/puik/assets/img/products/details/nav/2/product-details-img-1.jpg]
[themepure.net/template/puik-prev/puik/assets/img/products/details/nav/2/product-details-img-2.jpg]
[themepure.net/template/puik-prev/puik/assets/img/products/details/nav/2/product-details-img-3.jpg]
[themepure.net/template/puik-prev/puik/assets/img/products/details/nav/2/product-details-img-4.jpg]
[themepure.net/template/puik-prev/puik/assets/img/products/details/info/product-details-info-1.jpg]
[themepure.net/template/puik-prev/puik/assets/img/products/details/bg/product-details-bg-1.jpg]
[themepure.net/template/puik-prev/puik/assets/img/products/details/bg/product-details-bg-2.jpg]
[themepure.net/template/puik-prev/puik/assets/img/products/details/bg/product-details-bg-3.jpg]
[themepure.net/template/puik-prev/puik/assets/img/products/details/bg/product-details-bg-4.jpg]
[themepure.net/template/puik-prev/puik/assets/img/products/details/info/product-details-info-2.jpg]
[themepure.net/template/puik-prev/puik/assets/img/products/details/bg/product-details-bg-5.jpg]
[themepure.net/template/puik-prev/puik/assets/img/products/details/bg/product-details-bg-text.png]
[themepure.net/template/puik-prev/puik/assets/img/icon/leaf.png]
[themepure.net/template/puik-prev/puik/assets/img/icon/chat-heart.png]
[themepure.net/template/puik-prev/puik/assets/img/icon/box.png]
[themepure.net/template/puik-prev/puik/product-details-v2.html]
[themepure.net/template/puik-prev/puik/assets/img/products/details/grid/product-grid-1.jpg]
[themepure.net/template/puik-prev/puik/assets/img/products/details/grid/product-grid-2.jpg]
[themepure.net/template/puik-prev/puik/assets/img/products/details/grid/product-grid-3.jpg]
[themepure.net/template/puik-prev/puik/assets/img/products/details/grid/product-grid-4.jpg]
[themepure.net/template/puik-prev/puik/assets/img/products/details/grid/product-grid-5.jpg]
[themepure.net/template/puik-prev/puik/assets/img/products/details/grid/product-grid-6.jpg]
[themepure.net/template/puik-prev/puik/assets/img/products/details/accordion/product-details-accordion-img-1.jpg]
[themepure.net/template/puik-prev/puik/assets/img/products/details/accordion/product-details-accordion-img-2.jpg]
[themepure.net/template/puik-prev/puik/product-details-grid.html]
[themepure.net/template/puik-prev/puik/assets/img/about/me/about-me-thumb.jpg]
[themepure.net/template/puik-prev/puik/about-me.html]
[themepure.net/cdn-cgi/scripts/5c5dd728/cloudflare-static/email-decode.min.js]
[themepure.net/template/puik-prev/puik/assets/img/page-title/page-title-1.jpg]
[themepure.net/template/puik-prev/puik/login.html]
[themepure.net/template/puik-prev/puik/register.html]
[themepure.net/template/puik-prev/puik/assets/img/products/1-1.jpg]
[themepure.net/template/puik-prev/puik/assets/img/products/2-1.jpg]
[themepure.net/template/puik-prev/puik/cart.html]
[themepure.net/template/puik-prev/puik/wishlist.html]
[themepure.net/template/puik-prev/puik/checkout.html]
[themepure.net/template/puik-prev/puik/assets/img/team/team-bg.jpg]
[themepure.net/template/puik-prev/puik/assets/img/team/team-4.jpg]
[themepure.net/template/puik-prev/puik/assets/img/team/team-5.jpg]
[themepure.net/template/puik-prev/puik/assets/img/team/team-6.jpg]
[themepure.net/template/puik-prev/puik/assets/img/team/team-apply-1.jpg]
[themepure.net/template/puik-prev/puik/assets/img/team/team-apply-2.jpg]
[themepure.net/template/puik-prev/puik/assets/img/team/team-thumb.png]
[themepure.net/template/puik-prev/puik/assets/img/team/team-hero-sign.png]
[themepure.net/template/puik-prev/puik/assets/img/testimonial/testimonial-bg.jpg]
[themepure.net/template/puik-prev/puik/assets/img/icon/testimonial-quote.png]
[themepure.net/template/puik-prev/puik/assets/img/testimonial/testimonial-bg-img.png]
[themepure.net/template/puik-prev/puik/team.html]
[themepure.net/template/puik-prev/puik/assets/img/faq/faq-bg.jpg]
[themepure.net/template/puik-prev/puik/assets/img/contact/contact-bg-2.jpg]
[themepure.net/template/puik-prev/puik/faq.html]
[themepure.net/template/puik-prev/puik/coming-soon.html]
[themepure.net/template/puik-prev/puik/error.html]
[themepure.net/template/puik-prev/puik/assets/img/card/card-bg.jpg]
[themepure.net/template/puik-prev/puik/assets/img/card/card-1.jpg]
[themepure.net/template/puik-prev/puik/assets/img/card/card-2.jpg]
[themepure.net/template/puik-prev/puik/assets/img/card/card-3.jpg]
[themepure.net/template/puik-prev/puik/assets/img/card/card-4.jpg]
[themepure.net/template/puik-prev/puik/card.html]
[themepure.net/template/puik-prev/puik/assets/img/blog/blog-big-1.jpg]
[themepure.net/template/puik-prev/puik/assets/img/blog/blog-big-2.jpg]
[themepure.net/template/puik-prev/puik/assets/img/blog/author/blog-author.jpg]
[themepure.net/template/puik-prev/puik/assets/img/blog/author/blog-author-sign.png]
[themepure.net/template/puik-prev/puik/assets/img/blog/sm/blog-sm-slider-1.jpg]
[themepure.net/template/puik-prev/puik/assets/img/blog/sm/blog-sm-slider-2.jpg]
[themepure.net/template/puik-prev/puik/assets/img/blog/sm/blog-sm-slider-3.jpg]
[themepure.net/template/puik-prev/puik/assets/img/blog/sm/blog-sm-2.jpg]
[themepure.net/template/puik-prev/puik/assets/img/blog/sm/blog-sm-3.jpg]
[themepure.net/template/puik-prev/puik/assets/img/blog/sm/blog-sm-4.jpg]
[themepure.net/template/puik-prev/puik/assets/img/blog/sm/blog-sm-5.jpg]
[themepure.net/template/puik-prev/puik/assets/img/blog/insta/insta-1.jpg]
[themepure.net/template/puik-prev/puik/assets/img/blog/insta/insta-2.jpg]
[themepure.net/template/puik-prev/puik/assets/img/blog/insta/insta-3.jpg]
[themepure.net/template/puik-prev/puik/assets/img/blog/insta/insta-4.jpg]
[themepure.net/template/puik-prev/puik/assets/img/blog/insta/insta-5.jpg]
[themepure.net/template/puik-prev/puik/assets/img/blog/insta/insta-6.jpg]
[themepure.net/template/puik-prev/puik/blog.html]
[themepure.net/template/puik-prev/puik/assets/img/blog/blog-5.jpg]
[themepure.net/template/puik-prev/puik/assets/img/blog/blog-6.jpg]
[themepure.net/template/puik-prev/puik/assets/img/blog/blog-7.jpg]
[themepure.net/template/puik-prev/puik/assets/img/blog/blog-8.jpg]
[themepure.net/template/puik-prev/puik/assets/img/blog/blog-10.jpg]
[themepure.net/template/puik-prev/puik/assets/img/blog/blog-11.jpg]
[themepure.net/template/puik-prev/puik/blog-2-col.html]
[themepure.net/template/puik-prev/puik/assets/img/blog/blog-9.jpg]
[themepure.net/template/puik-prev/puik/blog-grid.html]
[themepure.net/template/puik-prev/puik/blog-left-sidebar.html]
[themepure.net/template/puik-prev/puik/assets/img/blog/details/blog-details-big-1.jpg]
[themepure.net/template/puik-prev/puik/assets/img/icon/quote.png]
[themepure.net/template/puik-prev/puik/assets/img/blog/details/blog-details-sm-1.jpg]
[themepure.net/template/puik-prev/puik/assets/img/blog/details/blog-details-sm-2.jpg]
[themepure.net/template/puik-prev/puik/assets/img/blog/details/blog-details-sm-3.jpg]
[themepure.net/template/puik-prev/puik/assets/img/blog/author/blog-author-2.jpg]
[themepure.net/template/puik-prev/puik/blog-details.html]
[themepure.net/template/puik-prev/puik/blog-details-left-sidebar.html]
[themepure.net/template/puik-prev/puik/assets/img/contact/contact-bg.jpg]
[themepure.net/template/puik-prev/puik/assets/img/contact/contact-thumb-img-1.jpg]
[themepure.net/template/puik-prev/puik/assets/img/contact/flag-1.jpg]
[themepure.net/template/puik-prev/puik/assets/img/contact/contact-thumb-img-2.jpg]
[themepure.net/template/puik-prev/puik/assets/img/contact/flag-2.jpg]
[themepure.net/template/puik-prev/puik/assets/img/contact/contact-thumb-img-3.jpg]
[themepure.net/template/puik-prev/puik/assets/img/contact/flag-3.jpg]
[themepure.net/template/puik-prev/puik/assets/img/contact/contact-thumb-img-4.jpg]
[themepure.net/template/puik-prev/puik/assets/img/contact/flag-4.jpg]
[themepure.net/template/puik-prev/puik/contact.html]
[themepure.net/template/puik-prev/puik/assets/css/owl.video.play.html]
[themepure.net/template/puik-prev/puik/assets/fonts/fa-brands-400.svg]
[themepure.net/template/puik-prev/puik/assets/fonts/fa-duotone-900.svg]
[themepure.net/template/puik-prev/puik/assets/fonts/fa-light-300.svg]
[themepure.net/template/puik-prev/puik/assets/fonts/fa-regular-400.svg]
[themepure.net/template/puik-prev/puik/assets/fonts/fa-solid-900.svg]
[themepure.net/template/puik-prev/puik/assets/fonts/themify9f24.html]
[themepure.net/template/puik-prev/puik/assets/css/images/ui-icons_444444_256x240.html]
[themepure.net/template/puik-prev/puik/assets/css/images/ui-icons_555555_256x240.html]
[themepure.net/template/puik-prev/puik/assets/css/images/ui-icons_ffffff_256x240.html]
[themepure.net/template/puik-prev/puik/assets/css/images/ui-icons_777620_256x240.html]
[themepure.net/template/puik-prev/puik/assets/css/images/ui-icons_cc0000_256x240.html]
[themepure.net/template/puik-prev/puik/assets/css/images/ui-icons_777777_256x240.html]
[themepure.net/template/puik-prev/puik/assets/img/products/furniture/2-1.html]
[themepure.net/template/puik-prev/puik/assets/img/products/furniture/6-1.html]
[themepure.net/template/puik-prev/puik/assets/img/products/furniture/7-1.html]
[themepure.net/template/puik-prev/puik/assets/img/popup/fashion/subscribe-bg.html]
[themepure.net/template/puik-prev/puik/assets/img/popup/furniture/subscribe-bg.html]
